stm32l4xx_ll_i2c.h:604:22:LL_I2C_EnableClockStretching	16	static
stm32l4xx_ll_i2c.h:724:22:LL_I2C_DisableGeneralCall	16	static
stm32l4xx_ll_i2c.h:835:22:LL_I2C_SetOwnAddress2	24	static
stm32l4xx_ll_i2c.h:857:22:LL_I2C_DisableOwnAddress2	16	static
stm32l4xx_ll_i2c.h:1838:22:LL_I2C_EnableAutoEndMode	16	static
stm32l4xx_ll_rcc.h:2268:22:LL_RCC_LSE_Enable	4	static
stm32l4xx_ll_rcc.h:2314:22:LL_RCC_LSE_SetDriveCapability	16	static
stm32l4xx_ll_rcc.h:2360:26:LL_RCC_LSE_IsReady	4	static
stm32l4xx_ll_rcc.h:2487:22:LL_RCC_MSI_Enable	4	static
stm32l4xx_ll_rcc.h:2507:26:LL_RCC_MSI_IsReady	4	static
stm32l4xx_ll_rcc.h:2521:22:LL_RCC_MSI_EnablePLLMode	4	static
stm32l4xx_ll_rcc.h:2546:22:LL_RCC_MSI_EnableRangeSelection	4	static
stm32l4xx_ll_rcc.h:2579:22:LL_RCC_MSI_SetRange	16	static
stm32l4xx_ll_rcc.h:2654:22:LL_RCC_MSI_SetCalibTrimming	16	static
stm32l4xx_ll_rcc.h:2740:22:LL_RCC_SetSysClkSource	16	static
stm32l4xx_ll_rcc.h:2754:26:LL_RCC_GetSysClkSource	4	static
stm32l4xx_ll_rcc.h:2774:22:LL_RCC_SetAHBPrescaler	16	static
stm32l4xx_ll_rcc.h:2790:22:LL_RCC_SetAPB1Prescaler	16	static
stm32l4xx_ll_rcc.h:2806:22:LL_RCC_SetAPB2Prescaler	16	static
stm32l4xx_ll_rcc.h:2950:22:LL_RCC_SetUSARTClockSource	16	static
stm32l4xx_ll_rcc.h:3011:22:LL_RCC_SetI2CClockSource	24	static
stm32l4xx_ll_rcc.h:3134:22:LL_RCC_SetUSBClockSource	16	static
stm32l4xx_ll_rcc.h:3203:22:LL_RCC_SetDFSDMClockSource	16	static
stm32l4xx_ll_rcc.h:3731:22:LL_RCC_PLL_Enable	4	static
stm32l4xx_ll_rcc.h:3752:26:LL_RCC_PLL_IsReady	4	static
stm32l4xx_ll_rcc.h:3798:22:LL_RCC_PLL_ConfigDomain_SYS	24	static
stm32l4xx_ll_rcc.h:4176:22:LL_RCC_PLL_EnableDomain_SYS	4	static
stm32l4xx_ll_rcc.h:4209:22:LL_RCC_PLLSAI1_Enable	4	static
stm32l4xx_ll_rcc.h:4229:26:LL_RCC_PLLSAI1_IsReady	4	static
stm32l4xx_ll_rcc.h:4313:22:LL_RCC_PLLSAI1_ConfigDomain_48M	24	static
stm32l4xx_ll_rcc.h:4732:22:LL_RCC_PLLSAI1_EnableDomain_48M	4	static
stm32l4xx_ll_bus.h:565:22:LL_AHB2_GRP1_EnableClock	24	static
stm32l4xx_ll_bus.h:1089:22:LL_APB1_GRP1_EnableClock	24	static
stm32l4xx_ll_system.h:1400:22:LL_FLASH_SetLatency	16	static
stm32l4xx_ll_system.h:1428:26:LL_FLASH_GetLatency	4	static
stm32l4xx_ll_utils.h:202:26:LL_GetUID_Word0	4	static
stm32l4xx_ll_utils.h:211:26:LL_GetUID_Word1	4	static
stm32l4xx_ll_utils.h:220:26:LL_GetUID_Word2	4	static
stm32l4xx_ll_utils.h:231:26:LL_GetFlashSize	4	static
stm32l4xx_ll_pwr.h:344:22:LL_PWR_SetRegulVoltageScaling	16	static
stm32l4xx_ll_pwr.h:398:22:LL_PWR_EnableBkUpAccess	4	static
stm32l4xx_ll_spi.h:427:22:LL_SPI_SetStandard	16	static
stm32l4xx_ll_spi.h:863:22:LL_SPI_EnableNSSPulseMgt	16	static
stm32l4xx_ll_gpio.h:1015:22:LL_GPIO_TogglePin	16	static
main.c:86:5:main	8	static
main.c:139:6:SystemClock_Config	8	static
main.c:215:13:MX_DFSDM1_Init	8	static
main.c:253:13:MX_I2C2_Init	64	static
main.c:309:13:MX_QUADSPI_Init	8	static
main.c:342:13:MX_SPI3_Init	72	static
main.c:398:13:MX_USART1_UART_Init	8	static
main.c:433:13:MX_USART3_UART_Init	8	static
main.c:468:13:MX_USB_OTG_FS_PCD_Init	8	static
main.c:503:13:MX_GPIO_Init	48	static
main.c:688:5:printInformation	56	static
main.c:789:5:__io_putchar	24	static
main.c:797:5:_write	32	static
main.c:807:6:HAL_GPIO_EXTI_Callback	16	static
main.c:826:6:Error_Handler	4	static
